// Jest Snapshot v1, https://goo.gl/fbAQLP

exports[`UpdateRecordModal displays correct 1`] = `
<Connect(ModalContainer)>
  <form
    onSubmit={[Function]}
  >
    <TextInput
      id="first_name"
      label="First name"
      onChange={[Function]}
      tab_index={0}
      value="FirstName"
    />
    <TextInput
      id="last_name"
      label="Last name"
      onChange={[Function]}
      tab_index={1}
      value="LastName"
    />
    <TelephoneInput
      id="phone_number"
      label="Phone number"
      onChange={[Function]}
      tab_index={2}
      value="5555555555"
    />
    <button
      className="btn"
      disabled={false}
      type="submit"
    >
      Save changes
    </button>
  </form>
</Connect(ModalContainer)>
`;
